// Jest Snapshot v1, https://goo.gl/fbAQLP

exports[`NotFound renders correctly 1`] = `
<div
  className="not-found"
>
  <div
    className="not-found-title"
  >
    404
  </div>
  <div
    className="not-found-subtitle"
  >
    Oops, the page you're looking for doesn't exist.
  </div>
  <div
    className="not-found-buttons"
  >
    <a
      className="styled-link"
      href="/"
      onClick={[Function]}
    >
      <span
        className="not-found-button"
      >
        Go to homepage
      </span>
    </a>
  </div>
</div>
`;
