// Jest Snapshot v1, https://goo.gl/fbAQLP

exports[`ArticlesDetails renders correctly 1`] = `
<div
  className="articles-details-empty"
>
  <h2>
    Nothing to show
  </h2>
  <div>
    Select article from the list to see details
  </div>
</div>
`;

exports[`ArticlesDetails renders correctly with selected article 1`] = `
<div
  className="articles-details"
>
  Article
  <CommentsList
    comments={Array []}
    onAddComment={[Function]}
    onAddReply={[Function]}
    onLoadReplies={[Function]}
    selectedArticleId={undefined}
  />
</div>
`;
