// Jest Snapshot v1, https://goo.gl/fbAQLP

exports[`RepliesList renders correctly 1`] = `
<div
  className="replies-list"
/>
`;

exports[`RepliesList renders correctly with replies 1`] = `
<div
  className="replies-list"
>
  <Comment
    articleId={0}
    author="brutuscat"
    createdAt={1530698004815}
    id={2}
    onAddReply={[Function]}
    onLoadReplies={[Function]}
    parentCommentId={1}
    replies={undefined}
    repliesCount={0}
    text="Professor Tim Gershon, Professor of Physics at University of Warwick and UK spokesperson for the LHCb experiment: "
  />
  <Comment
    articleId={0}
    author="gpderetta"
    createdAt={1530698004815}
    id={3}
    onAddReply={[Function]}
    onLoadReplies={[Function]}
    parentCommentId={1}
    replies={undefined}
    repliesCount={2}
    text="yes, and note that these are not fundamental particles (like the Higgs was for example), but composite particles of yet another combination of the fundamental quarks. The SM predicts the existence of hundreds (thousands?) of these."
  />
</div>
`;
